2025-04-14T08:06:58.711+07:00  INFO 8996 --- [restartedMain] com.kcvn.spm.ApplicationKt               : Starting ApplicationKt using Java 17.0.13 with PID 8996 (D:\Backend\kvc-wh-be\target\classes started by cong- in D:\Backend\kvc-wh-be)
2025-04-14T08:06:58.713+07:00  INFO 8996 --- [restartedMain] com.kcvn.spm.ApplicationKt               : No active profile set, falling back to 1 default profile: "default"
2025-04-14T08:06:58.773+07:00  INFO 8996 --- [restartedMain] o.s.b.devtools.restart.ChangeableUrls    : The Class-Path manifest attribute in C:\Users\cong-\.m2\repository\com\oracle\database\jdbc\ojdbc10\19.8.0.0\ojdbc10-19.8.0.0.jar referenced one or more files that do not exist: file:/C:/Users/cong-/.m2/repository/com/oracle/database/jdbc/ojdbc10/19.8.0.0/oraclepki.jar
2025-04-14T08:06:58.774+07:00  INFO 8996 --- [restartedMain] .e.DevToolsPropertyDefaultsPostProcessor : Devtools property defaults active! Set 'spring.devtools.add-properties' to 'false' to disable
2025-04-14T08:06:58.774+07:00  INFO 8996 --- [restartedMain] .e.DevToolsPropertyDefaultsPostProcessor : For additional web related logging consider setting the 'logging.level.web' property to 'DEBUG'
2025-04-14T08:07:01.827+07:00  INFO 8996 --- [restartedMain] o.s.b.w.embedded.tomcat.TomcatWebServer  : Tomcat initialized with port(s): 8080 (http)
2025-04-14T08:07:01.840+07:00  INFO 8996 --- [restartedMain] o.apache.catalina.core.StandardService   : Starting service [Tomcat]
2025-04-14T08:07:01.840+07:00  INFO 8996 --- [restartedMain] o.apache.catalina.core.StandardEngine    : Starting Servlet engine: [Apache Tomcat/10.1.15]
2025-04-14T08:07:01.946+07:00  INFO 8996 --- [restartedMain] o.a.c.c.C.[Tomcat].[localhost].[/]       : Initializing Spring embedded WebApplicationContext
2025-04-14T08:07:01.948+07:00  INFO 8996 --- [restartedMain] w.s.c.ServletWebServerApplicationContext : Root WebApplicationContext: initialization completed in 3172 ms
2025-04-14T08:07:02.070+07:00  INFO 8996 --- [restartedMain] com.zaxxer.hikari.HikariDataSource       : HikariPool-1 - Starting...
2025-04-14T08:07:02.564+07:00  INFO 8996 --- [restartedMain] com.zaxxer.hikari.pool.HikariPool        : HikariPool-1 - Added connection org.postgresql.jdbc.PgConnection@e201f52
2025-04-14T08:07:02.566+07:00  INFO 8996 --- [restartedMain] com.zaxxer.hikari.HikariDataSource       : HikariPool-1 - Start completed.
2025-04-14T08:07:04.685+07:00  INFO 8996 --- [restartedMain] o.s.s.web.DefaultSecurityFilterChain     : Will secure any request with [org.springframework.security.web.session.DisableEncodeUrlFilter@a6872a1, org.springframework.security.web.context.request.async.WebAsyncManagerIntegrationFilter@7c4e28ac, org.springframework.security.web.context.SecurityContextHolderFilter@f361c18, org.springframework.security.web.header.HeaderWriterFilter@17b5369d, org.springframework.web.filter.CorsFilter@335819d1, org.springframework.security.web.authentication.logout.LogoutFilter@d972654, com.kcvn.spm.app.auth.security.jwt.AuthTokenFilter@75238019, org.springframework.security.web.savedrequest.RequestCacheAwareFilter@6be3a438, org.springframework.security.web.servletapi.SecurityContextHolderAwareRequestFilter@25b2b126, org.springframework.security.web.authentication.AnonymousAuthenticationFilter@1ba00ac6, org.springframework.security.web.session.SessionManagementFilter@4cdee05, org.springframework.security.web.access.ExceptionTranslationFilter@241ab1e4, org.springframework.security.web.access.intercept.AuthorizationFilter@4ce43db]
2025-04-14T08:07:05.173+07:00  INFO 8996 --- [restartedMain] o.s.b.d.a.OptionalLiveReloadServer       : LiveReload server is running on port 35729
2025-04-14T08:07:05.235+07:00  INFO 8996 --- [restartedMain] o.s.b.w.embedded.tomcat.TomcatWebServer  : Tomcat started on port(s): 8080 (http) with context path ''
2025-04-14T08:07:05.247+07:00  INFO 8996 --- [restartedMain] com.kcvn.spm.ApplicationKt               : Started ApplicationKt in 6.929 seconds (process running for 8.64)
2025-04-14T08:07:05.674+07:00  INFO 8996 --- [scheduling-1] org.jooq.Constants                       : 
                                      
@@@@@@@@@@@@@@@@@@@@@@@@@@@@@@@@@@@@@@
@@@@@@@@@@@@@@@@@@@@@@@@@@@@@@@@@@@@@@
@@@@@@@@@@@@@@@@  @@        @@@@@@@@@@
@@@@@@@@@@@@@@@@@@@@        @@@@@@@@@@
@@@@@@@@@@@@@@@@  @@  @@    @@@@@@@@@@
@@@@@@@@@@  @@@@  @@  @@    @@@@@@@@@@
@@@@@@@@@@        @@        @@@@@@@@@@
@@@@@@@@@@@@@@@@@@@@@@@@@@@@@@@@@@@@@@
@@@@@@@@@@@@@@@@@@@@@@@@@@@@@@@@@@@@@@
@@@@@@@@@@        @@        @@@@@@@@@@
@@@@@@@@@@    @@  @@  @@@@  @@@@@@@@@@
@@@@@@@@@@    @@  @@  @@@@  @@@@@@@@@@
@@@@@@@@@@        @@  @  @  @@@@@@@@@@
@@@@@@@@@@        @@        @@@@@@@@@@
@@@@@@@@@@@@@@@@@@@@@@@  @@@@@@@@@@@@@
@@@@@@@@@@@@@@@@@@@@@@@@@@@@@@@@@@@@@@
@@@@@@@@@@@@@@@@@@@@@@@@@@@@@@@@@@@@@@  Thank you for using jOOQ 3.18.7 (Build date: 2023-10-10T12:53:05Z)
                                      
2025-04-14T08:07:05.675+07:00  INFO 8996 --- [scheduling-1] org.jooq.Constants                       : 

jOOQ tip of the day: jOOQ can run diagnostics on all the queries passed to it, including if you're using JDBC or R2DBC directly: https://www.jooq.org/doc/latest/manual/sql-execution/diagnostics/

2025-04-14T08:07:05.712+07:00  INFO 8996 --- [scheduling-1] o.j.i.D.logVersionSupport                : Version                  : Database version is supported by dialect POSTGRES: 15.7
2025-04-14T08:07:30.011+07:00  INFO 8996 --- [http-nio-8080-exec-2] o.a.c.c.C.[Tomcat].[localhost].[/]       : Initializing Spring DispatcherServlet 'dispatcherServlet'
2025-04-14T08:07:30.011+07:00  INFO 8996 --- [http-nio-8080-exec-2] o.s.web.servlet.DispatcherServlet        : Initializing Servlet 'dispatcherServlet'
2025-04-14T08:07:30.013+07:00  INFO 8996 --- [http-nio-8080-exec-2] o.s.web.servlet.DispatcherServlet        : Completed initialization in 1 ms
2025-04-14T08:08:52.304+07:00  INFO 8996 --- [SpringApplicationShutdownHook] com.zaxxer.hikari.HikariDataSource       : HikariPool-1 - Shutdown initiated...
2025-04-14T08:08:52.312+07:00  INFO 8996 --- [SpringApplicationShutdownHook] com.zaxxer.hikari.HikariDataSource       : HikariPool-1 - Shutdown completed.
2025-04-14T08:21:19.530+07:00  INFO 33836 --- [restartedMain] com.kcvn.spm.ApplicationKt               : Starting ApplicationKt using Java 17.0.13 with PID 33836 (D:\Backend\kvc-wh-be\target\classes started by cong- in D:\Backend\kvc-wh-be)
2025-04-14T08:21:19.533+07:00  INFO 33836 --- [restartedMain] com.kcvn.spm.ApplicationKt               : No active profile set, falling back to 1 default profile: "default"
2025-04-14T08:21:19.597+07:00  INFO 33836 --- [restartedMain] o.s.b.devtools.restart.ChangeableUrls    : The Class-Path manifest attribute in C:\Users\cong-\.m2\repository\com\oracle\database\jdbc\ojdbc10\19.8.0.0\ojdbc10-19.8.0.0.jar referenced one or more files that do not exist: file:/C:/Users/cong-/.m2/repository/com/oracle/database/jdbc/ojdbc10/19.8.0.0/oraclepki.jar
2025-04-14T08:21:19.598+07:00  INFO 33836 --- [restartedMain] .e.DevToolsPropertyDefaultsPostProcessor : Devtools property defaults active! Set 'spring.devtools.add-properties' to 'false' to disable
2025-04-14T08:21:19.598+07:00  INFO 33836 --- [restartedMain] .e.DevToolsPropertyDefaultsPostProcessor : For additional web related logging consider setting the 'logging.level.web' property to 'DEBUG'
2025-04-14T08:21:22.079+07:00  INFO 33836 --- [restartedMain] o.s.b.w.embedded.tomcat.TomcatWebServer  : Tomcat initialized with port(s): 8080 (http)
2025-04-14T08:21:22.090+07:00  INFO 33836 --- [restartedMain] o.apache.catalina.core.StandardService   : Starting service [Tomcat]
2025-04-14T08:21:22.090+07:00  INFO 33836 --- [restartedMain] o.apache.catalina.core.StandardEngine    : Starting Servlet engine: [Apache Tomcat/10.1.15]
2025-04-14T08:21:22.169+07:00  INFO 33836 --- [restartedMain] o.a.c.c.C.[Tomcat].[localhost].[/]       : Initializing Spring embedded WebApplicationContext
2025-04-14T08:21:22.170+07:00  INFO 33836 --- [restartedMain] w.s.c.ServletWebServerApplicationContext : Root WebApplicationContext: initialization completed in 2571 ms
2025-04-14T08:21:22.247+07:00  INFO 33836 --- [restartedMain] com.zaxxer.hikari.HikariDataSource       : HikariPool-1 - Starting...
2025-04-14T08:21:22.740+07:00  INFO 33836 --- [restartedMain] com.zaxxer.hikari.pool.HikariPool        : HikariPool-1 - Added connection org.postgresql.jdbc.PgConnection@520454ec
2025-04-14T08:21:22.741+07:00  INFO 33836 --- [restartedMain] com.zaxxer.hikari.HikariDataSource       : HikariPool-1 - Start completed.
2025-04-14T08:21:24.737+07:00  INFO 33836 --- [restartedMain] o.s.s.web.DefaultSecurityFilterChain     : Will secure any request with [org.springframework.security.web.session.DisableEncodeUrlFilter@4e506d39, org.springframework.security.web.context.request.async.WebAsyncManagerIntegrationFilter@2493dd9a, org.springframework.security.web.context.SecurityContextHolderFilter@2cd984ad, org.springframework.security.web.header.HeaderWriterFilter@5cb2ae4d, org.springframework.web.filter.CorsFilter@1338b59a, org.springframework.security.web.authentication.logout.LogoutFilter@30837044, com.kcvn.spm.app.auth.security.jwt.AuthTokenFilter@4e2d3230, org.springframework.security.web.savedrequest.RequestCacheAwareFilter@5060b377, org.springframework.security.web.servletapi.SecurityContextHolderAwareRequestFilter@666ae5e4, org.springframework.security.web.authentication.AnonymousAuthenticationFilter@726cdd2b, org.springframework.security.web.session.SessionManagementFilter@11794f2c, org.springframework.security.web.access.ExceptionTranslationFilter@7c82681c, org.springframework.security.web.access.intercept.AuthorizationFilter@3c6ad879]
2025-04-14T08:21:25.158+07:00  INFO 33836 --- [restartedMain] o.s.b.d.a.OptionalLiveReloadServer       : LiveReload server is running on port 35729
2025-04-14T08:21:25.225+07:00  INFO 33836 --- [restartedMain] o.s.b.w.embedded.tomcat.TomcatWebServer  : Tomcat started on port(s): 8080 (http) with context path ''
2025-04-14T08:21:25.239+07:00  INFO 33836 --- [restartedMain] com.kcvn.spm.ApplicationKt               : Started ApplicationKt in 6.05 seconds (process running for 6.861)
2025-04-14T08:21:25.679+07:00  INFO 33836 --- [scheduling-1] org.jooq.Constants                       : 
                                      
@@@@@@@@@@@@@@@@@@@@@@@@@@@@@@@@@@@@@@
@@@@@@@@@@@@@@@@@@@@@@@@@@@@@@@@@@@@@@
@@@@@@@@@@@@@@@@  @@        @@@@@@@@@@
@@@@@@@@@@@@@@@@@@@@        @@@@@@@@@@
@@@@@@@@@@@@@@@@  @@  @@    @@@@@@@@@@
@@@@@@@@@@  @@@@  @@  @@    @@@@@@@@@@
@@@@@@@@@@        @@        @@@@@@@@@@
@@@@@@@@@@@@@@@@@@@@@@@@@@@@@@@@@@@@@@
@@@@@@@@@@@@@@@@@@@@@@@@@@@@@@@@@@@@@@
@@@@@@@@@@        @@        @@@@@@@@@@
@@@@@@@@@@    @@  @@  @@@@  @@@@@@@@@@
@@@@@@@@@@    @@  @@  @@@@  @@@@@@@@@@
@@@@@@@@@@        @@  @  @  @@@@@@@@@@
@@@@@@@@@@        @@        @@@@@@@@@@
@@@@@@@@@@@@@@@@@@@@@@@  @@@@@@@@@@@@@
@@@@@@@@@@@@@@@@@@@@@@@@@@@@@@@@@@@@@@
@@@@@@@@@@@@@@@@@@@@@@@@@@@@@@@@@@@@@@  Thank you for using jOOQ 3.18.7 (Build date: 2023-10-10T12:53:05Z)
                                      
2025-04-14T08:21:25.679+07:00  INFO 33836 --- [scheduling-1] org.jooq.Constants                       : 

jOOQ tip of the day: You can quickly navigate between child and parent records using TableRecord::fetchParent or TableRecord::parent and UpdatableRecord::fetchChildren or UpdatableRecord::children. Beware of N+1 problems, though!

2025-04-14T08:21:25.717+07:00  INFO 33836 --- [scheduling-1] o.j.i.D.logVersionSupport                : Version                  : Database version is supported by dialect POSTGRES: 15.7
2025-04-14T08:47:39.296+07:00  INFO 33836 --- [http-nio-8080-exec-2] o.a.c.c.C.[Tomcat].[localhost].[/]       : Initializing Spring DispatcherServlet 'dispatcherServlet'
2025-04-14T08:47:39.300+07:00  INFO 33836 --- [http-nio-8080-exec-2] o.s.web.servlet.DispatcherServlet        : Initializing Servlet 'dispatcherServlet'
2025-04-14T08:47:39.359+07:00  INFO 33836 --- [http-nio-8080-exec-2] o.s.web.servlet.DispatcherServlet        : Completed initialization in 59 ms
2025-04-14T10:06:25.744+07:00  INFO 33836 --- [SpringApplicationShutdownHook] com.zaxxer.hikari.HikariDataSource       : HikariPool-1 - Shutdown initiated...
2025-04-14T10:06:25.781+07:00  INFO 33836 --- [SpringApplicationShutdownHook] com.zaxxer.hikari.HikariDataSource       : HikariPool-1 - Shutdown completed.
2025-04-14T10:54:57.242+07:00  INFO 13544 --- [restartedMain] com.kcvn.spm.ApplicationKt               : Starting ApplicationKt using Java 17.0.13 with PID 13544 (D:\Backend\kvc-wh-be\target\classes started by cong- in D:\Backend\kvc-wh-be)
2025-04-14T10:54:57.258+07:00  INFO 13544 --- [restartedMain] com.kcvn.spm.ApplicationKt               : No active profile set, falling back to 1 default profile: "default"
2025-04-14T10:54:57.325+07:00  INFO 13544 --- [restartedMain] o.s.b.devtools.restart.ChangeableUrls    : The Class-Path manifest attribute in C:\Users\cong-\.m2\repository\com\oracle\database\jdbc\ojdbc10\19.8.0.0\ojdbc10-19.8.0.0.jar referenced one or more files that do not exist: file:/C:/Users/cong-/.m2/repository/com/oracle/database/jdbc/ojdbc10/19.8.0.0/oraclepki.jar
2025-04-14T10:54:57.325+07:00  INFO 13544 --- [restartedMain] .e.DevToolsPropertyDefaultsPostProcessor : Devtools property defaults active! Set 'spring.devtools.add-properties' to 'false' to disable
2025-04-14T10:54:57.325+07:00  INFO 13544 --- [restartedMain] .e.DevToolsPropertyDefaultsPostProcessor : For additional web related logging consider setting the 'logging.level.web' property to 'DEBUG'
2025-04-14T10:55:00.245+07:00  INFO 13544 --- [restartedMain] o.s.b.w.embedded.tomcat.TomcatWebServer  : Tomcat initialized with port(s): 8080 (http)
2025-04-14T10:55:00.259+07:00  INFO 13544 --- [restartedMain] o.apache.catalina.core.StandardService   : Starting service [Tomcat]
2025-04-14T10:55:00.259+07:00  INFO 13544 --- [restartedMain] o.apache.catalina.core.StandardEngine    : Starting Servlet engine: [Apache Tomcat/10.1.15]
2025-04-14T10:55:00.343+07:00  INFO 13544 --- [restartedMain] o.a.c.c.C.[Tomcat].[localhost].[/]       : Initializing Spring embedded WebApplicationContext
2025-04-14T10:55:00.344+07:00  INFO 13544 --- [restartedMain] w.s.c.ServletWebServerApplicationContext : Root WebApplicationContext: initialization completed in 3018 ms
2025-04-14T10:55:00.422+07:00  INFO 13544 --- [restartedMain] com.zaxxer.hikari.HikariDataSource       : HikariPool-1 - Starting...
2025-04-14T10:55:00.806+07:00  INFO 13544 --- [restartedMain] com.zaxxer.hikari.pool.HikariPool        : HikariPool-1 - Added connection org.postgresql.jdbc.PgConnection@154851d3
2025-04-14T10:55:00.808+07:00  INFO 13544 --- [restartedMain] com.zaxxer.hikari.HikariDataSource       : HikariPool-1 - Start completed.
2025-04-14T10:55:02.825+07:00  INFO 13544 --- [restartedMain] o.s.s.web.DefaultSecurityFilterChain     : Will secure any request with [org.springframework.security.web.session.DisableEncodeUrlFilter@726cdd2b, org.springframework.security.web.context.request.async.WebAsyncManagerIntegrationFilter@3f984ffa, org.springframework.security.web.context.SecurityContextHolderFilter@676e56b, org.springframework.security.web.header.HeaderWriterFilter@62106215, org.springframework.web.filter.CorsFilter@55d2a9e, org.springframework.security.web.authentication.logout.LogoutFilter@3898779a, com.kcvn.spm.app.auth.security.jwt.AuthTokenFilter@3588f1e4, org.springframework.security.web.savedrequest.RequestCacheAwareFilter@4fb9c1a, org.springframework.security.web.servletapi.SecurityContextHolderAwareRequestFilter@60398605, org.springframework.security.web.authentication.AnonymousAuthenticationFilter@539fdbca, org.springframework.security.web.session.SessionManagementFilter@2cd984ad, org.springframework.security.web.access.ExceptionTranslationFilter@25e28f19, org.springframework.security.web.access.intercept.AuthorizationFilter@4e506d39]
2025-04-14T10:55:03.295+07:00  INFO 13544 --- [restartedMain] o.s.b.d.a.OptionalLiveReloadServer       : LiveReload server is running on port 35729
2025-04-14T10:55:03.350+07:00  INFO 13544 --- [restartedMain] o.s.b.w.embedded.tomcat.TomcatWebServer  : Tomcat started on port(s): 8080 (http) with context path ''
2025-04-14T10:55:03.362+07:00  INFO 13544 --- [restartedMain] com.kcvn.spm.ApplicationKt               : Started ApplicationKt in 6.532 seconds (process running for 7.661)
2025-04-14T10:55:03.751+07:00  INFO 13544 --- [scheduling-1] org.jooq.Constants                       : 
                                      
@@@@@@@@@@@@@@@@@@@@@@@@@@@@@@@@@@@@@@
@@@@@@@@@@@@@@@@@@@@@@@@@@@@@@@@@@@@@@
@@@@@@@@@@@@@@@@  @@        @@@@@@@@@@
@@@@@@@@@@@@@@@@@@@@        @@@@@@@@@@
@@@@@@@@@@@@@@@@  @@  @@    @@@@@@@@@@
@@@@@@@@@@  @@@@  @@  @@    @@@@@@@@@@
@@@@@@@@@@        @@        @@@@@@@@@@
@@@@@@@@@@@@@@@@@@@@@@@@@@@@@@@@@@@@@@
@@@@@@@@@@@@@@@@@@@@@@@@@@@@@@@@@@@@@@
@@@@@@@@@@        @@        @@@@@@@@@@
@@@@@@@@@@    @@  @@  @@@@  @@@@@@@@@@
@@@@@@@@@@    @@  @@  @@@@  @@@@@@@@@@
@@@@@@@@@@        @@  @  @  @@@@@@@@@@
@@@@@@@@@@        @@        @@@@@@@@@@
@@@@@@@@@@@@@@@@@@@@@@@  @@@@@@@@@@@@@
@@@@@@@@@@@@@@@@@@@@@@@@@@@@@@@@@@@@@@
@@@@@@@@@@@@@@@@@@@@@@@@@@@@@@@@@@@@@@  Thank you for using jOOQ 3.18.7 (Build date: 2023-10-10T12:53:05Z)
                                      
2025-04-14T10:55:03.751+07:00  INFO 13544 --- [scheduling-1] org.jooq.Constants                       : 

jOOQ tip of the day: You can extend jOOQ with alternative syntax using plain SQL templating: https://www.jooq.org/doc/latest/manual/sql-building/plain-sql-templating/

2025-04-14T10:55:03.801+07:00  INFO 13544 --- [scheduling-1] o.j.i.D.logVersionSupport                : Version                  : Database version is supported by dialect POSTGRES: 15.7
2025-04-14T13:14:16.387+07:00  WARN 13544 --- [HikariPool-1 housekeeper] com.zaxxer.hikari.pool.HikariPool        : HikariPool-1 - Thread starvation or clock leap detected (housekeeper delta=41m13s691ms636µs500ns).
2025-04-14T15:13:58.611+07:00  INFO 13544 --- [SpringApplicationShutdownHook] com.zaxxer.hikari.HikariDataSource       : HikariPool-1 - Shutdown initiated...
2025-04-14T15:13:58.654+07:00  INFO 13544 --- [SpringApplicationShutdownHook] com.zaxxer.hikari.HikariDataSource       : HikariPool-1 - Shutdown completed.
