2025-04-15T08:07:04.835+07:00  INFO 29272 --- [restartedMain] com.kcvn.spm.ApplicationKt               : Starting ApplicationKt using Java 17.0.13 with PID 29272 (D:\Backend\kvc-wh-be\target\classes started by cong- in D:\Backend\kvc-wh-be)
2025-04-15T08:07:04.837+07:00  INFO 29272 --- [restartedMain] com.kcvn.spm.ApplicationKt               : No active profile set, falling back to 1 default profile: "default"
2025-04-15T08:07:04.894+07:00  INFO 29272 --- [restartedMain] o.s.b.devtools.restart.ChangeableUrls    : The Class-Path manifest attribute in C:\Users\cong-\.m2\repository\com\oracle\database\jdbc\ojdbc10\19.8.0.0\ojdbc10-19.8.0.0.jar referenced one or more files that do not exist: file:/C:/Users/cong-/.m2/repository/com/oracle/database/jdbc/ojdbc10/19.8.0.0/oraclepki.jar
2025-04-15T08:07:04.895+07:00  INFO 29272 --- [restartedMain] .e.DevToolsPropertyDefaultsPostProcessor : Devtools property defaults active! Set 'spring.devtools.add-properties' to 'false' to disable
2025-04-15T08:07:04.895+07:00  INFO 29272 --- [restartedMain] .e.DevToolsPropertyDefaultsPostProcessor : For additional web related logging consider setting the 'logging.level.web' property to 'DEBUG'
2025-04-15T08:07:07.778+07:00  INFO 29272 --- [restartedMain] o.s.b.w.embedded.tomcat.TomcatWebServer  : Tomcat initialized with port(s): 8080 (http)
2025-04-15T08:07:07.790+07:00  INFO 29272 --- [restartedMain] o.apache.catalina.core.StandardService   : Starting service [Tomcat]
2025-04-15T08:07:07.791+07:00  INFO 29272 --- [restartedMain] o.apache.catalina.core.StandardEngine    : Starting Servlet engine: [Apache Tomcat/10.1.15]
2025-04-15T08:07:07.888+07:00  INFO 29272 --- [restartedMain] o.a.c.c.C.[Tomcat].[localhost].[/]       : Initializing Spring embedded WebApplicationContext
2025-04-15T08:07:07.890+07:00  INFO 29272 --- [restartedMain] w.s.c.ServletWebServerApplicationContext : Root WebApplicationContext: initialization completed in 2993 ms
2025-04-15T08:07:07.972+07:00  INFO 29272 --- [restartedMain] com.zaxxer.hikari.HikariDataSource       : HikariPool-1 - Starting...
2025-04-15T08:07:08.458+07:00  INFO 29272 --- [restartedMain] com.zaxxer.hikari.pool.HikariPool        : HikariPool-1 - Added connection org.postgresql.jdbc.PgConnection@4e02c43d
2025-04-15T08:07:08.459+07:00  INFO 29272 --- [restartedMain] com.zaxxer.hikari.HikariDataSource       : HikariPool-1 - Start completed.
2025-04-15T08:07:10.598+07:00  INFO 29272 --- [restartedMain] o.s.s.web.DefaultSecurityFilterChain     : Will secure any request with [org.springframework.security.web.session.DisableEncodeUrlFilter@64398d39, org.springframework.security.web.context.request.async.WebAsyncManagerIntegrationFilter@a6872a1, org.springframework.security.web.context.SecurityContextHolderFilter@12cc70a5, org.springframework.security.web.header.HeaderWriterFilter@4e70259, org.springframework.web.filter.CorsFilter@7c4e28ac, org.springframework.security.web.authentication.logout.LogoutFilter@35afb65e, com.kcvn.spm.app.auth.security.jwt.AuthTokenFilter@6b20cc88, org.springframework.security.web.savedrequest.RequestCacheAwareFilter@6460663d, org.springframework.security.web.servletapi.SecurityContextHolderAwareRequestFilter@1adba8b9, org.springframework.security.web.authentication.AnonymousAuthenticationFilter@335819d1, org.springframework.security.web.session.SessionManagementFilter@7aece16d, org.springframework.security.web.access.ExceptionTranslationFilter@7f114e1, org.springframework.security.web.access.intercept.AuthorizationFilter@1dd453]
2025-04-15T08:07:11.065+07:00  INFO 29272 --- [restartedMain] o.s.b.d.a.OptionalLiveReloadServer       : LiveReload server is running on port 35729
2025-04-15T08:07:11.122+07:00  INFO 29272 --- [restartedMain] o.s.b.w.embedded.tomcat.TomcatWebServer  : Tomcat started on port(s): 8080 (http) with context path ''
2025-04-15T08:07:11.134+07:00  INFO 29272 --- [restartedMain] com.kcvn.spm.ApplicationKt               : Started ApplicationKt in 6.627 seconds (process running for 8.122)
2025-04-15T08:07:11.562+07:00  INFO 29272 --- [scheduling-1] org.jooq.Constants                       : 
                                      
@@@@@@@@@@@@@@@@@@@@@@@@@@@@@@@@@@@@@@
@@@@@@@@@@@@@@@@@@@@@@@@@@@@@@@@@@@@@@
@@@@@@@@@@@@@@@@  @@        @@@@@@@@@@
@@@@@@@@@@@@@@@@@@@@        @@@@@@@@@@
@@@@@@@@@@@@@@@@  @@  @@    @@@@@@@@@@
@@@@@@@@@@  @@@@  @@  @@    @@@@@@@@@@
@@@@@@@@@@        @@        @@@@@@@@@@
@@@@@@@@@@@@@@@@@@@@@@@@@@@@@@@@@@@@@@
@@@@@@@@@@@@@@@@@@@@@@@@@@@@@@@@@@@@@@
@@@@@@@@@@        @@        @@@@@@@@@@
@@@@@@@@@@    @@  @@  @@@@  @@@@@@@@@@
@@@@@@@@@@    @@  @@  @@@@  @@@@@@@@@@
@@@@@@@@@@        @@  @  @  @@@@@@@@@@
@@@@@@@@@@        @@        @@@@@@@@@@
@@@@@@@@@@@@@@@@@@@@@@@  @@@@@@@@@@@@@
@@@@@@@@@@@@@@@@@@@@@@@@@@@@@@@@@@@@@@
@@@@@@@@@@@@@@@@@@@@@@@@@@@@@@@@@@@@@@  Thank you for using jOOQ 3.18.7 (Build date: 2023-10-10T12:53:05Z)
                                      
2025-04-15T08:07:11.563+07:00  INFO 29272 --- [scheduling-1] org.jooq.Constants                       : 

jOOQ tip of the day: If you're using the code generator, you can profit from jOOQ's very useful implicit join syntax: https://blog.jooq.org/type-safe-implicit-join-through-path-navigation-in-jooq-3-11/

2025-04-15T08:07:11.599+07:00  INFO 29272 --- [scheduling-1] o.j.i.D.logVersionSupport                : Version                  : Database version is supported by dialect POSTGRES: 15.7
2025-04-15T08:50:56.868+07:00  INFO 29272 --- [http-nio-8080-exec-2] o.a.c.c.C.[Tomcat].[localhost].[/]       : Initializing Spring DispatcherServlet 'dispatcherServlet'
2025-04-15T08:50:56.874+07:00  INFO 29272 --- [http-nio-8080-exec-2] o.s.web.servlet.DispatcherServlet        : Initializing Servlet 'dispatcherServlet'
2025-04-15T08:50:56.925+07:00  INFO 29272 --- [http-nio-8080-exec-2] o.s.web.servlet.DispatcherServlet        : Completed initialization in 51 ms
2025-04-15T08:59:53.194+07:00  INFO 29272 --- [http-nio-8080-exec-5] c.k.s.a.c.controller.CheckingController  : USER: admin, API: post checking/create, REQUEST: [CheckingRequest(poNumber=32111111111, packageCode=packageCodeA1, qty=100), CheckingRequest(poNumber=32111111111, packageCode=packageCodeA2, qty=100), CheckingRequest(poNumber=32111111112, packageCode=packageCodeC1, qty=100)]
2025-04-15T09:01:06.139+07:00 ERROR 29272 --- [http-nio-8080-exec-7] c.e.h.RestResponseEntityExceptionHandler : BUSINESS EXCEPTION: Mã gói không tồn tại --- DATA: packageCode = PCA2
2025-04-15T09:01:06.211+07:00  WARN 29272 --- [http-nio-8080-exec-7] .m.m.a.ExceptionHandlerExceptionResolver : Resolved [BusinessExceptionDetail(message=Mã gói không tồn tại, data=packageCode = PCA2)]
2025-04-15T09:09:06.544+07:00  INFO 29272 --- [http-nio-8080-exec-10] c.k.s.a.c.controller.CheckingController  : USER: admin, API: post checking/create, REQUEST: [CheckingRequest(poNumber=32111111111, packageCode=packageCodeA1, qty=100), CheckingRequest(poNumber=32111111111, packageCode=packageCodeA2, qty=100), CheckingRequest(poNumber=32111111112, packageCode=packageCodeC1, qty=100)]
2025-04-15T09:09:17.504+07:00 ERROR 29272 --- [http-nio-8080-exec-1] c.e.h.RestResponseEntityExceptionHandler : BUSINESS EXCEPTION: Mã gói không tồn tại --- DATA: packageCode = PCA2
2025-04-15T09:09:17.506+07:00  WARN 29272 --- [http-nio-8080-exec-1] .m.m.a.ExceptionHandlerExceptionResolver : Resolved [BusinessExceptionDetail(message=Mã gói không tồn tại, data=packageCode = PCA2)]
2025-04-15T09:10:19.547+07:00  INFO 29272 --- [SpringApplicationShutdownHook] com.zaxxer.hikari.HikariDataSource       : HikariPool-1 - Shutdown initiated...
2025-04-15T09:10:19.554+07:00  INFO 29272 --- [SpringApplicationShutdownHook] com.zaxxer.hikari.HikariDataSource       : HikariPool-1 - Shutdown completed.
2025-04-15T09:10:33.290+07:00  INFO 33728 --- [restartedMain] com.kcvn.spm.ApplicationKt               : Starting ApplicationKt using Java 17.0.13 with PID 33728 (D:\Backend\kvc-wh-be\target\classes started by cong- in D:\Backend\kvc-wh-be)
2025-04-15T09:10:33.292+07:00  INFO 33728 --- [restartedMain] com.kcvn.spm.ApplicationKt               : No active profile set, falling back to 1 default profile: "default"
2025-04-15T09:10:33.372+07:00  INFO 33728 --- [restartedMain] o.s.b.devtools.restart.ChangeableUrls    : The Class-Path manifest attribute in C:\Users\cong-\.m2\repository\com\oracle\database\jdbc\ojdbc10\19.8.0.0\ojdbc10-19.8.0.0.jar referenced one or more files that do not exist: file:/C:/Users/cong-/.m2/repository/com/oracle/database/jdbc/ojdbc10/19.8.0.0/oraclepki.jar
2025-04-15T09:10:33.373+07:00  INFO 33728 --- [restartedMain] .e.DevToolsPropertyDefaultsPostProcessor : Devtools property defaults active! Set 'spring.devtools.add-properties' to 'false' to disable
2025-04-15T09:10:33.373+07:00  INFO 33728 --- [restartedMain] .e.DevToolsPropertyDefaultsPostProcessor : For additional web related logging consider setting the 'logging.level.web' property to 'DEBUG'
2025-04-15T09:10:36.270+07:00  INFO 33728 --- [restartedMain] o.s.b.w.embedded.tomcat.TomcatWebServer  : Tomcat initialized with port(s): 8080 (http)
2025-04-15T09:10:36.283+07:00  INFO 33728 --- [restartedMain] o.apache.catalina.core.StandardService   : Starting service [Tomcat]
2025-04-15T09:10:36.284+07:00  INFO 33728 --- [restartedMain] o.apache.catalina.core.StandardEngine    : Starting Servlet engine: [Apache Tomcat/10.1.15]
2025-04-15T09:10:36.377+07:00  INFO 33728 --- [restartedMain] o.a.c.c.C.[Tomcat].[localhost].[/]       : Initializing Spring embedded WebApplicationContext
2025-04-15T09:10:36.380+07:00  INFO 33728 --- [restartedMain] w.s.c.ServletWebServerApplicationContext : Root WebApplicationContext: initialization completed in 3005 ms
2025-04-15T09:10:36.471+07:00  INFO 33728 --- [restartedMain] com.zaxxer.hikari.HikariDataSource       : HikariPool-1 - Starting...
2025-04-15T09:10:36.882+07:00  INFO 33728 --- [restartedMain] com.zaxxer.hikari.pool.HikariPool        : HikariPool-1 - Added connection org.postgresql.jdbc.PgConnection@3b2c6e52
2025-04-15T09:10:36.884+07:00  INFO 33728 --- [restartedMain] com.zaxxer.hikari.HikariDataSource       : HikariPool-1 - Start completed.
2025-04-15T09:10:39.114+07:00  INFO 33728 --- [restartedMain] o.s.s.web.DefaultSecurityFilterChain     : Will secure any request with [org.springframework.security.web.session.DisableEncodeUrlFilter@4a2a4507, org.springframework.security.web.context.request.async.WebAsyncManagerIntegrationFilter@552dede8, org.springframework.security.web.context.SecurityContextHolderFilter@5fe3f9e3, org.springframework.security.web.header.HeaderWriterFilter@4fd25e43, org.springframework.web.filter.CorsFilter@8ad7795, org.springframework.security.web.authentication.logout.LogoutFilter@7ed5de88, com.kcvn.spm.app.auth.security.jwt.AuthTokenFilter@16ed91ab, org.springframework.security.web.savedrequest.RequestCacheAwareFilter@1d89730d, org.springframework.security.web.servletapi.SecurityContextHolderAwareRequestFilter@1c63a1df, org.springframework.security.web.authentication.AnonymousAuthenticationFilter@1e8e267f, org.springframework.security.web.session.SessionManagementFilter@514d1a23, org.springframework.security.web.access.ExceptionTranslationFilter@20243542, org.springframework.security.web.access.intercept.AuthorizationFilter@3a94a193]
2025-04-15T09:10:39.564+07:00  INFO 33728 --- [restartedMain] o.s.b.d.a.OptionalLiveReloadServer       : LiveReload server is running on port 35729
2025-04-15T09:10:39.639+07:00  INFO 33728 --- [restartedMain] o.s.b.w.embedded.tomcat.TomcatWebServer  : Tomcat started on port(s): 8080 (http) with context path ''
2025-04-15T09:10:39.650+07:00  INFO 33728 --- [restartedMain] com.kcvn.spm.ApplicationKt               : Started ApplicationKt in 6.748 seconds (process running for 7.702)
2025-04-15T09:10:40.112+07:00  INFO 33728 --- [scheduling-1] org.jooq.Constants                       : 
                                      
@@@@@@@@@@@@@@@@@@@@@@@@@@@@@@@@@@@@@@
@@@@@@@@@@@@@@@@@@@@@@@@@@@@@@@@@@@@@@
@@@@@@@@@@@@@@@@  @@        @@@@@@@@@@
@@@@@@@@@@@@@@@@@@@@        @@@@@@@@@@
@@@@@@@@@@@@@@@@  @@  @@    @@@@@@@@@@
@@@@@@@@@@  @@@@  @@  @@    @@@@@@@@@@
@@@@@@@@@@        @@        @@@@@@@@@@
@@@@@@@@@@@@@@@@@@@@@@@@@@@@@@@@@@@@@@
@@@@@@@@@@@@@@@@@@@@@@@@@@@@@@@@@@@@@@
@@@@@@@@@@        @@        @@@@@@@@@@
@@@@@@@@@@    @@  @@  @@@@  @@@@@@@@@@
@@@@@@@@@@    @@  @@  @@@@  @@@@@@@@@@
@@@@@@@@@@        @@  @  @  @@@@@@@@@@
@@@@@@@@@@        @@        @@@@@@@@@@
@@@@@@@@@@@@@@@@@@@@@@@  @@@@@@@@@@@@@
@@@@@@@@@@@@@@@@@@@@@@@@@@@@@@@@@@@@@@
@@@@@@@@@@@@@@@@@@@@@@@@@@@@@@@@@@@@@@  Thank you for using jOOQ 3.18.7 (Build date: 2023-10-10T12:53:05Z)
                                      
2025-04-15T09:10:40.113+07:00  INFO 33728 --- [scheduling-1] org.jooq.Constants                       : 

jOOQ tip of the day: You can nest collections directly in SQL using jOOQ's SQL/XML or SQL/JSON support: https://blog.jooq.org/nesting-collections-with-jooq-3-14s-sql-xml-or-sql-json-support/

2025-04-15T09:10:40.158+07:00  INFO 33728 --- [scheduling-1] o.j.i.D.logVersionSupport                : Version                  : Database version is supported by dialect POSTGRES: 15.7
2025-04-15T09:10:46.232+07:00  INFO 33728 --- [http-nio-8080-exec-2] o.a.c.c.C.[Tomcat].[localhost].[/]       : Initializing Spring DispatcherServlet 'dispatcherServlet'
2025-04-15T09:10:46.232+07:00  INFO 33728 --- [http-nio-8080-exec-2] o.s.web.servlet.DispatcherServlet        : Initializing Servlet 'dispatcherServlet'
2025-04-15T09:10:46.234+07:00  INFO 33728 --- [http-nio-8080-exec-2] o.s.web.servlet.DispatcherServlet        : Completed initialization in 2 ms
2025-04-15T09:10:46.693+07:00 ERROR 33728 --- [http-nio-8080-exec-2] c.e.h.RestResponseEntityExceptionHandler : BUSINESS EXCEPTION: Mã gói không tồn tại --- DATA: packageCode = PCA2
2025-04-15T09:10:46.791+07:00  WARN 33728 --- [http-nio-8080-exec-2] .m.m.a.ExceptionHandlerExceptionResolver : Resolved [BusinessExceptionDetail(message=Mã gói không tồn tại, data=packageCode = PCA2)]
2025-04-15T09:12:10.845+07:00  INFO 33728 --- [SpringApplicationShutdownHook] com.zaxxer.hikari.HikariDataSource       : HikariPool-1 - Shutdown initiated...
2025-04-15T09:12:10.853+07:00  INFO 33728 --- [SpringApplicationShutdownHook] com.zaxxer.hikari.HikariDataSource       : HikariPool-1 - Shutdown completed.
